╭──────────────────────────────────────╮
│  Choose loadout                      │
│                                      │
│  ⚡ grind                            │
│    effort xhigh · harness off        │
│  🎯 raid (default)                   │
│    effort max · harness on           │
│  🏆 pvp                              │
│    effort max · harness off          │
│                                      │
│  ↑↓ move · enter select · esc cancel │
╰──────────────────────────────────────╯