  ╲ ╷ ╱  ╔╦╗╦╦═╗╔═╗╔╗ ╦╦  ╦╔═╗ v1.3.0 · ● container up · ● harness on · ● proxy 
  ─ ✦ ─  ║║║║╠╦╝╠═╣╠╩╗║║  ║╚═╗                                                  
  ╱ ╵ ╲  ╩ ╩╩╩╚═╩ ╩╚═╝╩╩═╝╩╚═╝                                                  
────────────────────────────────────────────────────────────────────────────────
  Launch         │ mirabilis                                                    
  VS Code        │                                                              
  Update         │ pick an action ←                                             
  Quit           │                                                              
                 │                                                              
setup pipeline + │                                                              
Claude in        │                                                              
container        │                                                              
                 │                                                              
                 │                                                              
                 │                                                              
                 │                                                              
                 │                                                              
                 │                                                              
                 │                                                              
                 │                                                              
                 │                                                              
                 │                                                              
                 │                                                              
 enter select · esc back · tab log · q quit                                     