 ⊕ mirabilis                v1.3.0 · ● container up · ● harness on · ● proxy on 
────────────────────────────────────────────────────────────────────────────────
> Launch         │  ╲   ╱                                                       
  Harness        │    ⊙                                                         
  Telegram       │  ╱   ╲                                                       
  VS Code        │                                                              
  Reset          │ mirabilis                                                    
  Quit           │                                                              
                 │ pick an action ←                                             
setup pipeline + │                                                              
Claude in        │                                                              
container        │                                                              
                 │                                                              
                 │                                                              
                 │                                                              
                 │                                                              
                 │                                                              
                 │                                                              
                 │                                                              
                 │                                                              
                 │                                                              
                 │                                                              
                 │                                                              
 enter select · esc back · tab log · q quit                                     