╭────────────────────────────────────────────────────────────────────────────╮
│  Choose party                                                              │
│                                                                            │
│ ╭──────────────────────╮ ╭──────────────────────╮ ╭──────────────────────╮ │
│ │ ⚡ spark             │ │ 🧭 drift             │ │ 🔭 orbit             │ │
│ │ effort medium · solo │ │ effort high · solo   │ │ effort max · solo    │ │
│ ╰──────────────────────╯ ╰──────────────────────╯ ╰──────────────────────╯ │
│ ╭──────────────────────╮ ╭──────────────────────╮                          │
│ │ 🔨 forge (default)   │ │ 💥 nova              │                          │
│ │ effort xhigh · fleet │ │ effort max · fleet   │                          │
│ ╰──────────────────────╯ ╰──────────────────────╯                          │
│                                                                            │
│  ←→↑↓ move · enter select · esc cancel                                     │
╰────────────────────────────────────────────────────────────────────────────╯