  ╲ ╷ ╱  ╔╦╗ ╦ ╦═╗ ╔═╗ ╔╗  ╦ ╦   ╦ ╔═╗             v1.3.0 · ✓ · ●3              
  ─ ✦ ─  ║║║ ║ ╠╦╝ ╠═╣ ╠╩╗ ║ ║   ║ ╚═╗                                          
  ╱ ╵ ╲  ╩ ╩ ╩ ╩╚═ ╩ ╩ ╚═╝ ╩ ╩═╝ ╩ ╚═╝                                          
────────────────────────────────────────────────────────────────────────────────
  Launch         │ mirabilis                                                    
  Review         │                                                              
  VS Code        │ pick an action ←                                             
  Quit           │                                                              
                 │                                                              
setup pipeline + │                                                              
Claude in        │                                                              
container        │                                                              
                 │                                                              
                 │                                                              
                 │                                                              
                 │                                                              
                 │                                                              
                 │                                                              
                 │                                                              
                 │                                                              
                 │                                                              
                 │                                                              
                 │                                                              
 enter select · esc back · tab log · q quit                                     